2025-12-27 09:20:52 PM | INFO     | Audio_VAD       | Loading Silero VAD Neural Network...
2025-12-27 09:21:13 PM | INFO     | Audio_VAD       | Silero VAD Loaded Successfully.
2025-12-27 09:21:17 PM | INFO     | AI_Speaker_Engine | Initializing SpeechBrain Encoder (ECAPA-TDNN)...
2025-12-27 09:25:53 PM | INFO     | Audio_VAD       | Loading Silero VAD Neural Network...
2025-12-27 09:25:54 PM | INFO     | Audio_VAD       | Silero VAD Loaded Successfully.
2025-12-27 09:25:56 PM | INFO     | AI_Speaker_Engine | Initializing SpeechBrain Encoder (ECAPA-TDNN)...
2025-12-27 09:30:06 PM | INFO     | Audio_VAD       | Loading Silero VAD Neural Network...
2025-12-27 09:30:07 PM | INFO     | Audio_VAD       | Silero VAD Loaded Successfully.
2025-12-27 09:30:08 PM | INFO     | AI_Speaker_Engine | Initializing SpeechBrain Encoder (ECAPA-TDNN)...
2025-12-27 09:31:01 PM | INFO     | AI_Speaker_Engine | Speaker Engine loaded on: GPU (CUDA)
2025-12-27 09:31:03 PM | ERROR    | Database        | Database Connection Error: vector type not found in the database
2025-12-27 09:33:00 PM | INFO     | Audio_VAD       | Loading Silero VAD Neural Network...
2025-12-27 09:33:01 PM | INFO     | Audio_VAD       | Silero VAD Loaded Successfully.
2025-12-27 09:33:02 PM | INFO     | AI_Speaker_Engine | Initializing SpeechBrain Encoder (ECAPA-TDNN)...
2025-12-27 09:33:04 PM | INFO     | AI_Speaker_Engine | Speaker Engine loaded on: GPU (CUDA)
2025-12-27 09:33:41 PM | INFO     | Enrollment_UI   | Starting enrollment recording for Affan Khalid
2025-12-27 09:33:42 PM | INFO     | Audio_Capture   | Capture started at 2025-12-27 09:33:42 PM
2025-12-27 09:33:51 PM | INFO     | Enrollment_UI   | Starting enrollment recording for Affan Khalid
2025-12-27 09:33:51 PM | INFO     | Audio_Capture   | Capture started at 2025-12-27 09:33:51 PM
2025-12-27 09:33:53 PM | INFO     | Enrollment_UI   | Starting enrollment recording for Affan Khalid
2025-12-27 09:33:53 PM | INFO     | Audio_Capture   | Capture started at 2025-12-27 09:33:53 PM
2025-12-27 09:33:54 PM | INFO     | Enrollment_UI   | Starting enrollment recording for Affan Khalid
2025-12-27 09:33:54 PM | INFO     | Audio_Capture   | Capture started at 2025-12-27 09:33:54 PM
2025-12-27 09:33:54 PM | INFO     | Enrollment_UI   | Starting enrollment recording for Affan Khalid
2025-12-27 09:33:54 PM | INFO     | Audio_Capture   | Capture started at 2025-12-27 09:33:54 PM
2025-12-27 09:33:57 PM | INFO     | Enrollment_UI   | Starting enrollment recording for Affan Khalid
2025-12-27 09:33:57 PM | INFO     | Audio_Capture   | Capture started at 2025-12-27 09:33:57 PM
2025-12-27 09:33:57 PM | INFO     | Enrollment_UI   | Starting enrollment recording for Affan Khalid
2025-12-27 09:33:57 PM | INFO     | Audio_Capture   | Capture started at 2025-12-27 09:33:57 PM
2025-12-27 09:33:58 PM | INFO     | Enrollment_UI   | Starting enrollment recording for Affan Khalid
2025-12-27 09:33:58 PM | INFO     | Audio_Capture   | Capture started at 2025-12-27 09:33:58 PM
2025-12-27 09:33:58 PM | INFO     | Enrollment_UI   | Starting enrollment recording for Affan Khalid
2025-12-27 09:33:58 PM | INFO     | Audio_Capture   | Capture started at 2025-12-27 09:33:58 PM
2025-12-27 09:34:03 PM | INFO     | Enrollment_UI   | Starting enrollment recording for Affan Khalid
2025-12-27 09:34:03 PM | INFO     | Audio_Capture   | Capture started at 2025-12-27 09:34:03 PM
2025-12-27 09:34:03 PM | INFO     | Enrollment_UI   | Starting enrollment recording for Affan Khalid
2025-12-27 09:34:03 PM | INFO     | Audio_Capture   | Capture started at 2025-12-27 09:34:03 PM
2025-12-27 09:34:03 PM | INFO     | Enrollment_UI   | Starting enrollment recording for Affan Khalid
2025-12-27 09:34:03 PM | INFO     | Audio_Capture   | Capture started at 2025-12-27 09:34:03 PM
2025-12-27 09:34:04 PM | INFO     | Enrollment_UI   | Starting enrollment recording for Affan Khalid
2025-12-27 09:34:04 PM | INFO     | Audio_Capture   | Capture started at 2025-12-27 09:34:04 PM
2025-12-27 09:34:04 PM | INFO     | Enrollment_UI   | Starting enrollment recording for Affan Khalid
2025-12-27 09:34:04 PM | INFO     | Audio_Capture   | Capture started at 2025-12-27 09:34:04 PM
2025-12-27 09:34:40 PM | INFO     | Enrollment_UI   | Starting enrollment recording for Affan Khalid
2025-12-27 09:34:40 PM | INFO     | Audio_Capture   | Capture started at 2025-12-27 09:34:40 PM
2025-12-27 09:35:25 PM | DEBUG    | Audio_Normalization | Normalization: Applying a gain of 2.52x to signal.
2025-12-27 09:35:27 PM | INFO     | Audio_VAD       | AI Analysis: 0.00s of human speech detected.
2025-12-27 09:35:27 PM | WARNING  | Enrollment_UI   | Enrollment rejected: Need more speech (AI detected: 0.0s). Please continue reading.
2025-12-27 09:40:47 PM | INFO     | Audio_VAD       | Loading Silero VAD Neural Network...
2025-12-27 09:40:48 PM | INFO     | Audio_VAD       | Silero VAD Loaded Successfully.
2025-12-27 09:40:49 PM | INFO     | AI_Speaker_Engine | Initializing SpeechBrain Encoder (ECAPA-TDNN)...
2025-12-27 09:40:50 PM | INFO     | AI_Speaker_Engine | Speaker Engine loaded on: GPU (CUDA)
2025-12-28 12:38:34 PM | INFO     | Enrollment_UI   | Starting enrollment recording for Affan
2025-12-28 12:38:34 PM | INFO     | Audio_Capture   | Capture started at 2025-12-28 12:38:34 PM
2025-12-28 12:38:34 PM | INFO     | Audio_Capture   | Recording... target: D:\Affan\Blackbox AI\data\temp\enroll_15u7a5.wav
2025-12-28 12:39:04 PM | INFO     | Enrollment_UI   | Starting enrollment recording for Affan
2025-12-28 12:39:04 PM | INFO     | Audio_Capture   | Capture started at 2025-12-28 12:39:04 PM
2025-12-28 12:39:04 PM | INFO     | Audio_Capture   | Recording... target: D:\Affan\Blackbox AI\data\temp\enroll_15u7a5.wav
2025-12-28 12:44:35 PM | INFO     | DB_Setup        | Starting Enterprise Database Setup...
2025-12-28 12:44:35 PM | INFO     | Database        | Initializing database schema...
2025-12-28 12:44:36 PM | INFO     | Database        | Database schema initialized successfully.
2025-12-28 12:44:36 PM | INFO     | DB_Setup        | Verifying pgvector extension...
2025-12-28 12:44:36 PM | INFO     | DB_Setup        | Extension 'pgvector' is ACTIVE.
2025-12-28 12:47:17 PM | INFO     | DB_Setup        | Starting Enterprise Database Setup...
2025-12-28 12:47:17 PM | INFO     | Database        | Initializing database schema...
2025-12-28 12:47:17 PM | INFO     | Database        | Database schema initialized successfully.
2025-12-28 12:47:17 PM | INFO     | DB_Setup        | Verifying pgvector extension...
2025-12-28 12:47:17 PM | INFO     | DB_Setup        | Extension 'pgvector' is ACTIVE.
2025-12-28 12:47:17 PM | INFO     | DB_Setup        | Database Setup Successfully Completed!
2025-12-28 12:48:36 PM | INFO     | Audio_VAD       | Loading Silero VAD Neural Network...
2025-12-28 12:48:37 PM | INFO     | Audio_VAD       | Silero VAD Loaded Successfully.
2025-12-28 12:48:39 PM | INFO     | AI_Speaker_Engine | Initializing SpeechBrain Encoder (ECAPA-TDNN)...
2025-12-28 12:48:41 PM | INFO     | AI_Speaker_Engine | Speaker Engine loaded on: GPU (CUDA)
2025-12-28 12:49:00 PM | INFO     | Enrollment_UI   | Starting enrollment recording for Affan
2025-12-28 12:49:01 PM | INFO     | Audio_Capture   | Capture started at 2025-12-28 12:49:01 PM
2025-12-28 12:49:01 PM | INFO     | Audio_Capture   | Recording... target: D:\Affan\Blackbox AI\data\temp\enroll_961492.wav
2025-12-28 12:49:06 PM | DEBUG    | Audio_Normalization | Normalization: Applying a gain of 1.50x to signal.
2025-12-28 12:49:06 PM | INFO     | Audio_VAD       | AI Analysis: 2.81s of human speech detected.
2025-12-28 12:49:06 PM | WARNING  | Enrollment_UI   | Enrollment rejected: Need more speech (AI detected: 2.8s). Please continue reading.
2025-12-28 12:53:33 PM | INFO     | Audio_VAD       | Loading Silero VAD Neural Network...
2025-12-28 12:53:33 PM | INFO     | Audio_VAD       | Silero VAD Loaded Successfully.
2025-12-28 12:53:33 PM | INFO     | AI_Speaker_Engine | Initializing SpeechBrain Encoder (ECAPA-TDNN)...
2025-12-28 12:53:35 PM | INFO     | AI_Speaker_Engine | Speaker Engine loaded on: GPU (CUDA)
2025-12-28 12:53:35 PM | INFO     | Enrollment_UI   | Starting enrollment recording for Affan
2025-12-28 12:53:35 PM | INFO     | Audio_Capture   | Capture started at 2025-12-28 12:53:35 PM
2025-12-28 12:53:35 PM | INFO     | Audio_Capture   | Recording... target: D:\Affan\Blackbox AI\data\temp\enroll_961492.wav
2025-12-28 12:54:20 PM | DEBUG    | Audio_Normalization | Normalization: Applying a gain of 0.92x to signal.
2025-12-28 12:54:21 PM | INFO     | Audio_VAD       | AI Analysis: 37.58s of human speech detected.
2025-12-28 12:54:21 PM | DEBUG    | AI_Speaker_Engine | Extracting embedding for: D:\Affan\Blackbox AI\data\temp\enroll_961492.wav
2025-12-28 12:54:21 PM | ERROR    | AI_Speaker_Engine | Failed to extract voice fingerprint: Error opening 'D:Affan\\Blackbox AI\\data\\temp\\enroll_961492.wav': System error.
2025-12-28 12:54:21 PM | ERROR    | Enrollment_UI   | UI Error: Error opening 'D:Affan\\Blackbox AI\\data\\temp\\enroll_961492.wav': System error.
2025-12-29 06:02:01 AM | INFO     | Audio_VAD       | Loading Silero VAD Neural Network...
2025-12-29 06:02:02 AM | INFO     | Audio_VAD       | Silero VAD Loaded Successfully.
2025-12-29 06:02:04 AM | INFO     | AI_Speaker_Engine | Initializing SpeechBrain Encoder (ECAPA-TDNN)...
2025-12-29 06:02:06 AM | INFO     | AI_Speaker_Engine | Speaker Engine loaded on: GPU (CUDA)
2025-12-29 06:03:36 AM | INFO     | Enrollment_UI   | Starting enrollment recording for Affan
2025-12-29 06:03:36 AM | INFO     | Audio_Capture   | Capture started at 2025-12-29 06:03:36 AM
2025-12-29 06:03:36 AM | INFO     | Audio_Capture   | Recording... target: D:\Affan\Blackbox AI\data\temp\enroll_140072.wav
2025-12-29 06:04:22 AM | DEBUG    | Audio_Normalization | Normalization: Applying a gain of 3.03x to signal.
2025-12-29 06:04:23 AM | INFO     | Audio_VAD       | AI Analysis: 36.74s of human speech detected.
2025-12-29 06:04:23 AM | DEBUG    | AI_Speaker_Engine | Extracting embedding for: D:\Affan\Blackbox AI\data\temp\enroll_140072.wav
2025-12-29 06:04:23 AM | ERROR    | AI_Speaker_Engine | Failed to extract voice fingerprint: Error opening 'D:Affan\\Blackbox AI\\data\\temp\\enroll_140072.wav': System error.
2025-12-29 06:04:23 AM | ERROR    | Enrollment_UI   | UI Error: Error opening 'D:Affan\\Blackbox AI\\data\\temp\\enroll_140072.wav': System error.
2025-12-29 06:12:01 AM | INFO     | Audio_VAD       | Loading Silero VAD Neural Network...
2025-12-29 06:12:03 AM | INFO     | Audio_VAD       | Silero VAD Loaded Successfully.
2025-12-29 06:12:04 AM | INFO     | AI_Speaker_Engine | Initializing SpeechBrain Encoder (ECAPA-TDNN)...
2025-12-29 06:12:06 AM | INFO     | AI_Speaker_Engine | Speaker Engine loaded on: GPU (CUDA)
2025-12-29 06:12:19 AM | INFO     | Enrollment_UI   | Starting enrollment recording for Affan
2025-12-29 06:12:19 AM | INFO     | Audio_Capture   | Capture started at 2025-12-29 06:12:19 AM
2025-12-29 06:12:19 AM | INFO     | Audio_Capture   | Recording... target: D:\Affan\Blackbox AI\data\temp\enroll_1400725.wav
2025-12-29 06:13:04 AM | DEBUG    | Audio_Normalization | Normalization: Applying a gain of 2.35x to signal.
2025-12-29 06:13:05 AM | INFO     | Audio_VAD       | AI Analysis: 36.02s of human speech detected.
2025-12-29 06:13:05 AM | DEBUG    | AI_Speaker_Engine | Extracting embedding for: D:\Affan\Blackbox AI\data\temp\enroll_1400725.wav
2025-12-29 06:13:06 AM | ERROR    | AI_Speaker_Engine | Failed to extract voice fingerprint: Error opening 'D:Affan\\Blackbox AI\\data\\temp\\enroll_1400725.wav': System error.
2025-12-29 06:13:06 AM | ERROR    | Enrollment_UI   | UI Error: Error opening 'D:Affan\\Blackbox AI\\data\\temp\\enroll_1400725.wav': System error.
2025-12-29 06:17:41 AM | INFO     | Audio_VAD       | Loading Silero VAD Neural Network...
2025-12-29 06:17:43 AM | INFO     | Audio_VAD       | Silero VAD Loaded Successfully.
2025-12-29 06:17:44 AM | INFO     | AI_Speaker_Engine | Initializing SpeechBrain Encoder (ECAPA-TDNN)...
2025-12-29 06:17:46 AM | INFO     | AI_Speaker_Engine | Speaker Engine loaded on: GPU (CUDA)
2025-12-29 06:17:58 AM | INFO     | Enrollment_UI   | Starting enrollment recording for Affan
2025-12-29 06:17:58 AM | INFO     | Audio_Capture   | Capture started at 2025-12-29 06:17:58 AM
2025-12-29 06:17:58 AM | INFO     | Audio_Capture   | Recording... target: D:\Affan\Blackbox AI\data\temp\enroll_1580027.wav
2025-12-29 06:18:43 AM | DEBUG    | Audio_Normalization | Normalization: Applying a gain of 1.19x to signal.
2025-12-29 06:18:45 AM | INFO     | Audio_VAD       | AI Analysis: 36.00s of human speech detected.
2025-12-29 06:18:45 AM | DEBUG    | AI_Speaker_Engine | Extracting embedding for: D:/Affan/Blackbox AI/data/temp/enroll_1580027.wav
2025-12-29 06:18:48 AM | ERROR    | AI_Speaker_Engine | Failed to extract voice fingerprint: too many values to unpack (expected 2)
2025-12-29 06:18:48 AM | ERROR    | Enrollment_UI   | UI Error: too many values to unpack (expected 2)
2025-12-29 06:26:49 AM | INFO     | Audio_VAD       | Loading Silero VAD Neural Network...
2025-12-29 06:26:50 AM | INFO     | Audio_VAD       | Silero VAD Loaded Successfully.
2025-12-29 06:26:51 AM | INFO     | AI_Speaker_Engine | Initializing SpeechBrain Encoder (ECAPA-TDNN)...
2025-12-29 06:26:53 AM | INFO     | AI_Speaker_Engine | Speaker Engine loaded on: GPU (CUDA)
2025-12-29 07:05:11 AM | INFO     | Enrollment_UI   | Starting enrollment recording for Affan
2025-12-29 07:05:11 AM | INFO     | Audio_Capture   | Capture started at 2025-12-29 07:05:11 AM
2025-12-29 07:05:11 AM | INFO     | Audio_Capture   | Recording... target: D:\Affan\Blackbox AI\data\temp\enroll_EMP-008221.wav
2025-12-29 07:05:56 AM | DEBUG    | Audio_Normalization | Normalization: Applying a gain of 1.45x to signal.
2025-12-29 07:05:57 AM | INFO     | Audio_VAD       | AI Analysis: 38.09s of human speech detected.
2025-12-29 07:05:57 AM | DEBUG    | AI_Speaker_Engine | Extracting embedding for: D:/Affan/Blackbox AI/data/temp/enroll_EMP-008221.wav
2025-12-29 07:06:02 AM | INFO     | Database        | Successfully enrolled user: Affan | ID: 1
2025-12-29 07:06:02 AM | INFO     | Enrollment_UI   | User Affan enrolled successfully.
2025-12-29 07:28:36 AM | INFO     | AI_Speaker_Engine | Initializing SpeechBrain Encoder (ECAPA-TDNN)...
2025-12-29 07:28:38 AM | INFO     | AI_Speaker_Engine | Speaker Engine loaded on: GPU (CUDA)
2025-12-29 07:28:42 AM | INFO     | Audio_Capture   | Capture started at 2025-12-29 07:28:42 AM
2025-12-29 07:28:42 AM | INFO     | Audio_Capture   | Recording... target: data\temp\auth_attempt.wav
2025-12-29 07:29:27 AM | DEBUG    | AI_Speaker_Engine | Extracting embedding for: D:/Affan/Blackbox AI/data/temp/auth_attempt.wav
2025-12-29 07:29:29 AM | INFO     | Auth_UI         | Auth Attempt: Closest match Affan with distance 0.0804
2026-01-06 08:17:40 AM | INFO     | AI_Speaker_Engine | Initializing SpeechBrain Encoder (ECAPA-TDNN)...
2026-01-06 08:17:43 AM | INFO     | AI_Speaker_Engine | Speaker Engine loaded on: GPU (CUDA)
2026-01-06 08:17:44 AM | INFO     | AI_Transcriber  | Loading Whisper Model (medium) on cuda...
2026-01-06 08:32:58 AM | INFO     | AI_Transcriber  | Whisper Model loaded successfully.
2026-01-06 08:33:53 AM | INFO     | Audio_Capture   | Capture started at 2026-01-06 08:33:53 AM
2026-01-06 08:33:53 AM | INFO     | Audio_Capture   | Recording... target: data\temp\cli_ingest.wav
